Archive member included because of file (symbol)

C:/Microchip Starter Kits/PIC32 Starter Kits/MPLAB C32 Suite/bin/../lib/gcc/pic32mx/3.4.4/../../../../pic32mx/lib\libc.a(memset.o)
                              Objects\USB Device - WinUSB - Generic Driver - C32\usb_device.o (memset)
C:/Microchip Starter Kits/PIC32 Starter Kits/MPLAB C32 Suite/bin/../lib/gcc/pic32mx/3.4.4/../../../../pic32mx/lib\libc.a(general-exception.o)
                              C:/Microchip Starter Kits/PIC32 Starter Kits/MPLAB C32 Suite/bin/../lib/gcc/pic32mx/3.4.4/../../../../pic32mx/lib/crt0.o (_general_exception_context)
C:/Microchip Starter Kits/PIC32 Starter Kits/MPLAB C32 Suite/bin/../lib/gcc/pic32mx/3.4.4/../../../../pic32mx/lib\libc.a(exit.o)
                              C:/Microchip Starter Kits/PIC32 Starter Kits/MPLAB C32 Suite/bin/../lib/gcc/pic32mx/3.4.4/../../../../pic32mx/lib/crt0.o (exit)
C:/Microchip Starter Kits/PIC32 Starter Kits/MPLAB C32 Suite/bin/../lib/gcc/pic32mx/3.4.4/../../../../pic32mx/lib\libc.a(_iobdata.o)
                              C:/Microchip Starter Kits/PIC32 Starter Kits/MPLAB C32 Suite/bin/../lib/gcc/pic32mx/3.4.4/../../../../pic32mx/lib\libc.a(exit.o) (_libc_data)
C:/Microchip Starter Kits/PIC32 Starter Kits/MPLAB C32 Suite/bin/../lib/gcc/pic32mx/3.4.4/../../../../pic32mx/lib\libc.a(_iobfuncs.o)
                              C:/Microchip Starter Kits/PIC32 Starter Kits/MPLAB C32 Suite/bin/../lib/gcc/pic32mx/3.4.4/../../../../pic32mx/lib\libc.a(_iobdata.o) (_filbuf_simple)
C:/Microchip Starter Kits/PIC32 Starter Kits/MPLAB C32 Suite/bin/../lib/gcc/pic32mx/3.4.4/../../../../pic32mx/lib\libc.a(stubs.o)
                              C:/Microchip Starter Kits/PIC32 Starter Kits/MPLAB C32 Suite/bin/../lib/gcc/pic32mx/3.4.4/../../../../pic32mx/lib\libc.a(exit.o) (pthread_mutex_lock)
C:/Microchip Starter Kits/PIC32 Starter Kits/MPLAB C32 Suite/bin/../lib/gcc/pic32mx/3.4.4/../../../../pic32mx/lib\libc.a(default-general-exception-handler.o)
                              C:/Microchip Starter Kits/PIC32 Starter Kits/MPLAB C32 Suite/bin/../lib/gcc/pic32mx/3.4.4/../../../../pic32mx/lib\libc.a(general-exception.o) (_general_exception_handler)
C:/Microchip Starter Kits/PIC32 Starter Kits/MPLAB C32 Suite/bin/../lib/gcc/pic32mx/3.4.4/../../../../pic32mx/lib\libc.a(default-bootstrap-exception-handler.o)
                              C:/Microchip Starter Kits/PIC32 Starter Kits/MPLAB C32 Suite/bin/../lib/gcc/pic32mx/3.4.4/../../../../pic32mx/lib/crt0.o (_bootstrap_exception_handler)
C:/Microchip Starter Kits/PIC32 Starter Kits/MPLAB C32 Suite/bin/../lib/gcc/pic32mx/3.4.4/../../../../pic32mx/lib\libc.a(default-on-reset.o)
                              C:/Microchip Starter Kits/PIC32 Starter Kits/MPLAB C32 Suite/bin/../lib/gcc/pic32mx/3.4.4/../../../../pic32mx/lib/crt0.o (_on_reset)
C:/Microchip Starter Kits/PIC32 Starter Kits/MPLAB C32 Suite/bin/../lib/gcc/pic32mx/3.4.4/../../../../pic32mx/lib\libc.a(default-on-bootstrap.o)
                              C:/Microchip Starter Kits/PIC32 Starter Kits/MPLAB C32 Suite/bin/../lib/gcc/pic32mx/3.4.4/../../../../pic32mx/lib/crt0.o (_on_bootstrap)
C:/Microchip Starter Kits/PIC32 Starter Kits/MPLAB C32 Suite/bin/../lib/gcc/pic32mx/3.4.4/../../../../pic32mx/lib\libc.a(default-nmi-handler.o)
                              C:/Microchip Starter Kits/PIC32 Starter Kits/MPLAB C32 Suite/bin/../lib/gcc/pic32mx/3.4.4/../../../../pic32mx/lib/crt0.o (_nmi_handler)
C:/Microchip Starter Kits/PIC32 Starter Kits/MPLAB C32 Suite/bin/../lib/gcc/pic32mx/3.4.4/../../../../pic32mx/lib\libc.a(_mon_getc.o)
                              C:/Microchip Starter Kits/PIC32 Starter Kits/MPLAB C32 Suite/bin/../lib/gcc/pic32mx/3.4.4/../../../../pic32mx/lib\libc.a(_iobfuncs.o) (_mon_getc)
C:/Microchip Starter Kits/PIC32 Starter Kits/MPLAB C32 Suite/bin/../lib/gcc/pic32mx/3.4.4/../../../../pic32mx/lib\libc.a(_mon_write.o)
                              C:/Microchip Starter Kits/PIC32 Starter Kits/MPLAB C32 Suite/bin/../lib/gcc/pic32mx/3.4.4/../../../../pic32mx/lib\libc.a(_iobfuncs.o) (_mon_write)
C:/Microchip Starter Kits/PIC32 Starter Kits/MPLAB C32 Suite/bin/../lib/gcc/pic32mx/3.4.4/../../../../pic32mx/lib\libc.a(_exit.o)
                              C:/Microchip Starter Kits/PIC32 Starter Kits/MPLAB C32 Suite/bin/../lib/gcc/pic32mx/3.4.4/../../../../pic32mx/lib\libc.a(exit.o) (_exit)
C:/Microchip Starter Kits/PIC32 Starter Kits/MPLAB C32 Suite/bin/../lib/gcc/pic32mx/3.4.4/../../../../pic32mx/lib\libc.a(errno.o)
                              C:/Microchip Starter Kits/PIC32 Starter Kits/MPLAB C32 Suite/bin/../lib/gcc/pic32mx/3.4.4/../../../../pic32mx/lib\libc.a(_iobfuncs.o) (errno)
C:/Microchip Starter Kits/PIC32 Starter Kits/MPLAB C32 Suite/bin/../lib/gcc/pic32mx/3.4.4/../../../../pic32mx/lib\libc.a(_mon_putc.o)
                              C:/Microchip Starter Kits/PIC32 Starter Kits/MPLAB C32 Suite/bin/../lib/gcc/pic32mx/3.4.4/../../../../pic32mx/lib\libc.a(_mon_write.o) (_mon_putc)
C:/Microchip Starter Kits/PIC32 Starter Kits/MPLAB C32 Suite/bin/../lib/gcc/pic32mx/3.4.4/../../../../pic32mx/lib\libmchp_peripheral_32MX795F512L.a(int_enable_interrupts_lib.o)
                              Objects\USB Device - WinUSB - Generic Driver - C32\usb_device.o (INTEnableInterrupts)
C:/Microchip Starter Kits/PIC32 Starter Kits/MPLAB C32 Suite/bin/../lib/gcc/pic32mx/3.4.4/../../../../pic32mx/lib\libmchp_peripheral_32MX795F512L.a(int_enable_mv_int_lib.o)
                              Objects\USB Device - WinUSB - Generic Driver - C32\usb_device.o (INTEnableSystemMultiVectoredInt)

Allocating common symbols
Common symbol       size              file

pDst                0x4               Objects\USB Device - WinUSB - Generic Driver - C32\usb_device.o
USBGenericInHandle  0x4               Objects\USB Device - WinUSB - Generic Driver - C32\main.o
BDT                 0x60              Objects\USB Device - WinUSB - Generic Driver - C32\usb_device.o
CtrlTrfData         0x8               Objects\USB Device - WinUSB - Generic Driver - C32\usb_device.o
USBDeviceState      0x4               Objects\USB Device - WinUSB - Generic Driver - C32\usb_device.o
controlTransferState
                    0x1               Objects\USB Device - WinUSB - Generic Driver - C32\usb_device.o
USBInMaxPacketSize  0x4               Objects\USB Device - WinUSB - Generic Driver - C32\usb_device.o
USBGenericOutHandle
                    0x4               Objects\USB Device - WinUSB - Generic Driver - C32\main.o
inPipes             0x7               Objects\USB Device - WinUSB - Generic Driver - C32\usb_device.o
pBDTEntryIn         0xc               Objects\USB Device - WinUSB - Generic Driver - C32\usb_device.o
INPacket            0xa               Objects\USB Device - WinUSB - Generic Driver - C32\main.o
pBDTEntryOut        0xc               Objects\USB Device - WinUSB - Generic Driver - C32\usb_device.o
BothEP0OutUOWNsSet  0x4               Objects\USB Device - WinUSB - Generic Driver - C32\usb_device.o
pBDTEntryEP0OutNext
                    0x4               Objects\USB Device - WinUSB - Generic Driver - C32\usb_device.o
blinkStatusValid    0x4               Objects\USB Device - WinUSB - Generic Driver - C32\main.o
SetupPkt            0x8               Objects\USB Device - WinUSB - Generic Driver - C32\usb_device.o
shortPacketStatus   0x1               Objects\USB Device - WinUSB - Generic Driver - C32\usb_device.o
pBDTEntryEP0OutCurrent
                    0x4               Objects\USB Device - WinUSB - Generic Driver - C32\usb_device.o
USBActiveConfiguration
                    0x1               Objects\USB Device - WinUSB - Generic Driver - C32\usb_device.o
RemoteWakeup        0x4               Objects\USB Device - WinUSB - Generic Driver - C32\usb_device.o
USTATcopy           0x1               Objects\USB Device - WinUSB - Generic Driver - C32\usb_device.o
USBInData           0x8               Objects\USB Device - WinUSB - Generic Driver - C32\usb_device.o
USBAlternateInterface
                    0x1               Objects\USB Device - WinUSB - Generic Driver - C32\usb_device.o
outPipes            0xb               Objects\USB Device - WinUSB - Generic Driver - C32\usb_device.o
OUTPacket           0xa               Objects\USB Device - WinUSB - Generic Driver - C32\main.o

Microchip PIC32 Memory-Usage Report

kseg0 Program-Memory Usage
section                    address  length [bytes]      (dec)  Description
-------                 ----------  -------------------------  -----------
.text                   0x9d000000         0x384c       14412  Application's executable code 
.rodata                 0x9d00384c          0x100         256  Read-only constant data 
.data                   0x9d00394c           0xf4         244  Data-initialization template 
.sdata                  0x9d003a40            0x4           4  Small data-initialization template 
      Total kseg0_program_mem used  :      0x3a44       14916  2.8% of 0x80000

kseg0 Boot-Memory Usage
section                    address  length [bytes]      (dec)  Description
-------                 ----------  -------------------------  -----------
.startup                0x9fc00490          0x1e0         480  C startup code 
         Total kseg0_boot_mem used  :       0x1e0         480  19.9% of 0x970

Exception-Memory Usage 
section                    address  length [bytes]      (dec)  Description
-------                 ----------  -------------------------  -----------
.app_excpt              0x9fc01180           0x10          16  General-Exception handler 
.vector_45              0x9fc017a0            0x8           8  Interrupt Vector 45 
          Total exception_mem used  :        0x18          24  0.6% of 0x1000

kseg1 Boot-Memory Usage
section                    address  length [bytes]      (dec)  Description
-------                 ----------  -------------------------  -----------
.reset                  0xbfc00000           0x10          16  Reset handler 
.bev_excpt              0xbfc00380           0x10          16  BEV-Exception handler 
         Total kseg1_boot_mem used  :        0x20          32  2.7% of 0x490
        --------------------------------------------------------------------------
         Total Program Memory used  :      0x3c5c       15452  2.9% of 0x81e00
        --------------------------------------------------------------------------


kseg1 Data-Memory Usage
section                    address  length [bytes]      (dec)  Description
-------                 ----------  -------------------------  -----------
.data                   0xa0000000           0xf4         244  Initialized data 
.sdata                  0xa00000f4            0x4           4  Small initialized data 
.sbss                   0xa00000f8           0x61          97  Small uninitialized data 
.bss                    0xa0000200          0x284         644  Uninitialized data 
.stack                  0xa0000484          0x400        1024  Minimum space reserved for stack 
         Total kseg1_data_mem used  :       0x7dd        2013  1.5% of 0x20000
        --------------------------------------------------------------------------
            Total Data Memory used  :       0x7dd        2013  1.5% of 0x20000
        --------------------------------------------------------------------------

Memory Configuration

Name             Origin             Length             Attributes
kseg0_program_mem 0x9d000000         0x00080000         xr
kseg0_boot_mem   0x9fc00490         0x00000970
exception_mem    0x9fc01000         0x00001000
kseg1_boot_mem   0xbfc00000         0x00000490
debug_exec_mem   0xbfc02000         0x00000ff0
config3          0xbfc02ff0         0x00000004
config2          0xbfc02ff4         0x00000004
config1          0xbfc02ff8         0x00000004
config0          0xbfc02ffc         0x00000004
kseg1_data_mem   0xa0000000         0x00020000         w !x
sfrs             0xbf800000         0x00100000
configsfrs       0xbfc02ff0         0x00000010
*default*        0x00000000         0xffffffff

Linker script and memory map

LOAD C:/Microchip Starter Kits/PIC32 Starter Kits/MPLAB C32 Suite/bin/../lib/gcc/pic32mx/3.4.4/../../../../pic32mx/lib/crt0.o
LOAD Objects\USB Device - WinUSB - Generic Driver - C32\main.o
LOAD Objects\USB Device - WinUSB - Generic Driver - C32\usb_descriptors.o
LOAD Objects\USB Device - WinUSB - Generic Driver - C32\usb_device.o
LOAD Objects\USB Device - WinUSB - Generic Driver - C32\usb_function_generic.o
                0x00000001                __MPLAB_BUILD = 0x1
                0x00000001                __MPLAB_DEBUG = 0x1
                0x00000001                __MPLAB_DEBUGGER_PIC32MXSK = 0x1
LOAD C:/Microchip Starter Kits/PIC32 Starter Kits/MPLAB C32 Suite/bin/../lib/gcc/pic32mx/3.4.4\libgcc.a
START GROUP
LOAD C:/Microchip Starter Kits/PIC32 Starter Kits/MPLAB C32 Suite/bin/../lib/gcc/pic32mx/3.4.4/../../../../pic32mx/lib\libdebug.a
LOAD C:/Microchip Starter Kits/PIC32 Starter Kits/MPLAB C32 Suite/bin/../lib/gcc/pic32mx/3.4.4/../../../../pic32mx/lib\libc.a
LOAD C:/Microchip Starter Kits/PIC32 Starter Kits/MPLAB C32 Suite/bin/../lib/gcc/pic32mx/3.4.4/../../../../pic32mx/lib\libm.a
LOAD C:/Microchip Starter Kits/PIC32 Starter Kits/MPLAB C32 Suite/bin/../lib/gcc/pic32mx/3.4.4/../../../../pic32mx/lib\libe.a
LOAD C:/Microchip Starter Kits/PIC32 Starter Kits/MPLAB C32 Suite/bin/../lib/gcc/pic32mx/3.4.4/../../../../pic32mx/lib\libdsp.a
LOAD C:/Microchip Starter Kits/PIC32 Starter Kits/MPLAB C32 Suite/bin/../lib/gcc/pic32mx/3.4.4/../../../../pic32mx/lib\libmchp_peripheral.a
LOAD C:/Microchip Starter Kits/PIC32 Starter Kits/MPLAB C32 Suite/bin/../lib/gcc/pic32mx/3.4.4/../../../../pic32mx/lib\libmchp_peripheral_32MX795F512L.a
END GROUP
LOAD C:/Microchip Starter Kits/PIC32 Starter Kits/MPLAB C32 Suite/bin/../lib/gcc/pic32mx/3.4.4\libgcc.a
                0x00000400                PROVIDE (_min_stack_size, 0x400)
                0x00000000                PROVIDE (_min_heap_size, 0x0)
LOAD C:/Microchip Starter Kits/PIC32 Starter Kits/MPLAB C32 Suite/bin/../lib/gcc/pic32mx/3.4.4/../../../../pic32mx/lib/./proc/32MX795F512L\processor.o
                0x00000001                PROVIDE (_vector_spacing, 0x1)
                0x9fc01000                _ebase_address = 0x9fc01000
                0xbfc00000                _RESET_ADDR = 0xbfc00000
                0xbfc00380                _BEV_EXCPT_ADDR = 0xbfc00380
                0xbfc00480                _DBG_EXCPT_ADDR = 0xbfc00480
                0xbfc02000                _DBG_CODE_ADDR = 0xbfc02000
                0x9fc01180                _GEN_EXCPT_ADDR = (_ebase_address + 0x180)

.config_BFC02FF0
 *(.config_BFC02FF0)

.config_BFC02FF4
                0xbfc02ff4        0x4
 *(.config_BFC02FF4)
 .config_BFC02FF4
                0xbfc02ff4        0x4 Objects\USB Device - WinUSB - Generic Driver - C32\main.o

.config_BFC02FF8
                0xbfc02ff8        0x4
 *(.config_BFC02FF8)
 .config_BFC02FF8
                0xbfc02ff8        0x4 Objects\USB Device - WinUSB - Generic Driver - C32\main.o

.config_BFC02FFC
                0xbfc02ffc        0x4
 *(.config_BFC02FFC)
 .config_BFC02FFC
                0xbfc02ffc        0x4 Objects\USB Device - WinUSB - Generic Driver - C32\main.o

.reset          0xbfc00000       0x10
 *(.reset)
 .reset         0xbfc00000       0x10 C:/Microchip Starter Kits/PIC32 Starter Kits/MPLAB C32 Suite/bin/../lib/gcc/pic32mx/3.4.4/../../../../pic32mx/lib/crt0.o
                0xbfc00000                _reset

.bev_excpt      0xbfc00380       0x10
 *(.bev_handler)
 .bev_handler   0xbfc00380       0x10 C:/Microchip Starter Kits/PIC32 Starter Kits/MPLAB C32 Suite/bin/../lib/gcc/pic32mx/3.4.4/../../../../pic32mx/lib/crt0.o

.dbg_excpt      0xbfc00480        0x0
                0xbfc00480                . = (. + DEFINED (_DEBUGGER)?0x8:0x0)

.dbg_code       0xbfc02000        0x0
                0xbfc02000                . = (. + DEFINED (_DEBUGGER)?0xff0:0x0)

.app_excpt      0x9fc01180       0x10
 *(.gen_handler)
 .gen_handler   0x9fc01180       0x10 C:/Microchip Starter Kits/PIC32 Starter Kits/MPLAB C32 Suite/bin/../lib/gcc/pic32mx/3.4.4/../../../../pic32mx/lib/crt0.o

.vector_0       0x9fc01200        0x0
 *(.vector_0)
                0x00000001                ASSERT (((_vector_spacing == 0x0) || (SIZEOF (.vector_0) <= (_vector_spacing << 0x5))), function at exception vector 0 too large)

.vector_1       0x9fc01220        0x0
 *(.vector_1)
                0x00000001                ASSERT (((_vector_spacing == 0x0) || (SIZEOF (.vector_1) <= (_vector_spacing << 0x5))), function at exception vector 1 too large)

.vector_2       0x9fc01240        0x0
 *(.vector_2)
                0x00000001                ASSERT (((_vector_spacing == 0x0) || (SIZEOF (.vector_2) <= (_vector_spacing << 0x5))), function at exception vector 2 too large)

.vector_3       0x9fc01260        0x0
 *(.vector_3)
                0x00000001                ASSERT (((_vector_spacing == 0x0) || (SIZEOF (.vector_3) <= (_vector_spacing << 0x5))), function at exception vector 3 too large)

.vector_4       0x9fc01280        0x0
 *(.vector_4)
                0x00000001                ASSERT (((_vector_spacing == 0x0) || (SIZEOF (.vector_4) <= (_vector_spacing << 0x5))), function at exception vector 4 too large)

.vector_5       0x9fc012a0        0x0
 *(.vector_5)
                0x00000001                ASSERT (((_vector_spacing == 0x0) || (SIZEOF (.vector_5) <= (_vector_spacing << 0x5))), function at exception vector 5 too large)

.vector_6       0x9fc012c0        0x0
 *(.vector_6)
                0x00000001                ASSERT (((_vector_spacing == 0x0) || (SIZEOF (.vector_6) <= (_vector_spacing << 0x5))), function at exception vector 6 too large)

.vector_7       0x9fc012e0        0x0
 *(.vector_7)
                0x00000001                ASSERT (((_vector_spacing == 0x0) || (SIZEOF (.vector_7) <= (_vector_spacing << 0x5))), function at exception vector 7 too large)

.vector_8       0x9fc01300        0x0
 *(.vector_8)
                0x00000001                ASSERT (((_vector_spacing == 0x0) || (SIZEOF (.vector_8) <= (_vector_spacing << 0x5))), function at exception vector 8 too large)

.vector_9       0x9fc01320        0x0
 *(.vector_9)
                0x00000001                ASSERT (((_vector_spacing == 0x0) || (SIZEOF (.vector_9) <= (_vector_spacing << 0x5))), function at exception vector 9 too large)

.vector_10      0x9fc01340        0x0
 *(.vector_10)
                0x00000001                ASSERT (((_vector_spacing == 0x0) || (SIZEOF (.vector_10) <= (_vector_spacing << 0x5))), function at exception vector 10 too large)

.vector_11      0x9fc01360        0x0
 *(.vector_11)
                0x00000001                ASSERT (((_vector_spacing == 0x0) || (SIZEOF (.vector_11) <= (_vector_spacing << 0x5))), function at exception vector 11 too large)

.vector_12      0x9fc01380        0x0
 *(.vector_12)
                0x00000001                ASSERT (((_vector_spacing == 0x0) || (SIZEOF (.vector_12) <= (_vector_spacing << 0x5))), function at exception vector 12 too large)

.vector_13      0x9fc013a0        0x0
 *(.vector_13)
                0x00000001                ASSERT (((_vector_spacing == 0x0) || (SIZEOF (.vector_13) <= (_vector_spacing << 0x5))), function at exception vector 13 too large)

.vector_14      0x9fc013c0        0x0
 *(.vector_14)
                0x00000001                ASSERT (((_vector_spacing == 0x0) || (SIZEOF (.vector_14) <= (_vector_spacing << 0x5))), function at exception vector 14 too large)

.vector_15      0x9fc013e0        0x0
 *(.vector_15)
                0x00000001                ASSERT (((_vector_spacing == 0x0) || (SIZEOF (.vector_15) <= (_vector_spacing << 0x5))), function at exception vector 15 too large)

.vector_16      0x9fc01400        0x0
 *(.vector_16)
                0x00000001                ASSERT (((_vector_spacing == 0x0) || (SIZEOF (.vector_16) <= (_vector_spacing << 0x5))), function at exception vector 16 too large)

.vector_17      0x9fc01420        0x0
 *(.vector_17)
                0x00000001                ASSERT (((_vector_spacing == 0x0) || (SIZEOF (.vector_17) <= (_vector_spacing << 0x5))), function at exception vector 17 too large)

.vector_18      0x9fc01440        0x0
 *(.vector_18)
                0x00000001                ASSERT (((_vector_spacing == 0x0) || (SIZEOF (.vector_18) <= (_vector_spacing << 0x5))), function at exception vector 18 too large)

.vector_19      0x9fc01460        0x0
 *(.vector_19)
                0x00000001                ASSERT (((_vector_spacing == 0x0) || (SIZEOF (.vector_19) <= (_vector_spacing << 0x5))), function at exception vector 19 too large)

.vector_20      0x9fc01480        0x0
 *(.vector_20)
                0x00000001                ASSERT (((_vector_spacing == 0x0) || (SIZEOF (.vector_20) <= (_vector_spacing << 0x5))), function at exception vector 20 too large)

.vector_21      0x9fc014a0        0x0
 *(.vector_21)
                0x00000001                ASSERT (((_vector_spacing == 0x0) || (SIZEOF (.vector_21) <= (_vector_spacing << 0x5))), function at exception vector 21 too large)

.vector_22      0x9fc014c0        0x0
 *(.vector_22)
                0x00000001                ASSERT (((_vector_spacing == 0x0) || (SIZEOF (.vector_22) <= (_vector_spacing << 0x5))), function at exception vector 22 too large)

.vector_23      0x9fc014e0        0x0
 *(.vector_23)
                0x00000001                ASSERT (((_vector_spacing == 0x0) || (SIZEOF (.vector_23) <= (_vector_spacing << 0x5))), function at exception vector 23 too large)

.vector_24      0x9fc01500        0x0
 *(.vector_24)
                0x00000001                ASSERT (((_vector_spacing == 0x0) || (SIZEOF (.vector_24) <= (_vector_spacing << 0x5))), function at exception vector 24 too large)

.vector_25      0x9fc01520        0x0
 *(.vector_25)
                0x00000001                ASSERT (((_vector_spacing == 0x0) || (SIZEOF (.vector_25) <= (_vector_spacing << 0x5))), function at exception vector 25 too large)

.vector_26      0x9fc01540        0x0
 *(.vector_26)
                0x00000001                ASSERT (((_vector_spacing == 0x0) || (SIZEOF (.vector_26) <= (_vector_spacing << 0x5))), function at exception vector 26 too large)

.vector_27      0x9fc01560        0x0
 *(.vector_27)
                0x00000001                ASSERT (((_vector_spacing == 0x0) || (SIZEOF (.vector_27) <= (_vector_spacing << 0x5))), function at exception vector 27 too large)

.vector_28      0x9fc01580        0x0
 *(.vector_28)
                0x00000001                ASSERT (((_vector_spacing == 0x0) || (SIZEOF (.vector_28) <= (_vector_spacing << 0x5))), function at exception vector 28 too large)

.vector_29      0x9fc015a0        0x0
 *(.vector_29)
                0x00000001                ASSERT (((_vector_spacing == 0x0) || (SIZEOF (.vector_29) <= (_vector_spacing << 0x5))), function at exception vector 29 too large)

.vector_30      0x9fc015c0        0x0
 *(.vector_30)
                0x00000001                ASSERT (((_vector_spacing == 0x0) || (SIZEOF (.vector_30) <= (_vector_spacing << 0x5))), function at exception vector 30 too large)

.vector_31      0x9fc015e0        0x0
 *(.vector_31)
                0x00000001                ASSERT (((_vector_spacing == 0x0) || (SIZEOF (.vector_31) <= (_vector_spacing << 0x5))), function at exception vector 31 too large)

.vector_32      0x9fc01600        0x0
 *(.vector_32)
                0x00000001                ASSERT (((_vector_spacing == 0x0) || (SIZEOF (.vector_32) <= (_vector_spacing << 0x5))), function at exception vector 32 too large)

.vector_33      0x9fc01620        0x0
 *(.vector_33)
                0x00000001                ASSERT (((_vector_spacing == 0x0) || (SIZEOF (.vector_33) <= (_vector_spacing << 0x5))), function at exception vector 33 too large)

.vector_34      0x9fc01640        0x0
 *(.vector_34)
                0x00000001                ASSERT (((_vector_spacing == 0x0) || (SIZEOF (.vector_34) <= (_vector_spacing << 0x5))), function at exception vector 34 too large)

.vector_35      0x9fc01660        0x0
 *(.vector_35)
                0x00000001                ASSERT (((_vector_spacing == 0x0) || (SIZEOF (.vector_35) <= (_vector_spacing << 0x5))), function at exception vector 35 too large)

.vector_36      0x9fc01680        0x0
 *(.vector_36)
                0x00000001                ASSERT (((_vector_spacing == 0x0) || (SIZEOF (.vector_36) <= (_vector_spacing << 0x5))), function at exception vector 36 too large)

.vector_37      0x9fc016a0        0x0
 *(.vector_37)
                0x00000001                ASSERT (((_vector_spacing == 0x0) || (SIZEOF (.vector_37) <= (_vector_spacing << 0x5))), function at exception vector 37 too large)

.vector_38      0x9fc016c0        0x0
 *(.vector_38)
                0x00000001                ASSERT (((_vector_spacing == 0x0) || (SIZEOF (.vector_38) <= (_vector_spacing << 0x5))), function at exception vector 38 too large)

.vector_39      0x9fc016e0        0x0
 *(.vector_39)
                0x00000001                ASSERT (((_vector_spacing == 0x0) || (SIZEOF (.vector_39) <= (_vector_spacing << 0x5))), function at exception vector 39 too large)

.vector_40      0x9fc01700        0x0
 *(.vector_40)
                0x00000001                ASSERT (((_vector_spacing == 0x0) || (SIZEOF (.vector_40) <= (_vector_spacing << 0x5))), function at exception vector 40 too large)

.vector_41      0x9fc01720        0x0
 *(.vector_41)
                0x00000001                ASSERT (((_vector_spacing == 0x0) || (SIZEOF (.vector_41) <= (_vector_spacing << 0x5))), function at exception vector 41 too large)

.vector_42      0x9fc01740        0x0
 *(.vector_42)
                0x00000001                ASSERT (((_vector_spacing == 0x0) || (SIZEOF (.vector_42) <= (_vector_spacing << 0x5))), function at exception vector 42 too large)

.vector_43      0x9fc01760        0x0
 *(.vector_43)
                0x00000001                ASSERT (((_vector_spacing == 0x0) || (SIZEOF (.vector_43) <= (_vector_spacing << 0x5))), function at exception vector 43 too large)

.vector_44      0x9fc01780        0x0
 *(.vector_44)
                0x00000001                ASSERT (((_vector_spacing == 0x0) || (SIZEOF (.vector_44) <= (_vector_spacing << 0x5))), function at exception vector 44 too large)

.vector_45      0x9fc017a0        0x8
 *(.vector_45)
 .vector_45     0x9fc017a0        0x8 Objects\USB Device - WinUSB - Generic Driver - C32\usb_device.o
                0x00000001                ASSERT (((_vector_spacing == 0x0) || (SIZEOF (.vector_45) <= (_vector_spacing << 0x5))), function at exception vector 45 too large)

.vector_46      0x9fc017c0        0x0
 *(.vector_46)
                0x00000001                ASSERT (((_vector_spacing == 0x0) || (SIZEOF (.vector_46) <= (_vector_spacing << 0x5))), function at exception vector 46 too large)

.vector_47      0x9fc017e0        0x0
 *(.vector_47)
                0x00000001                ASSERT (((_vector_spacing == 0x0) || (SIZEOF (.vector_47) <= (_vector_spacing << 0x5))), function at exception vector 47 too large)

.vector_48      0x9fc01800        0x0
 *(.vector_48)
                0x00000001                ASSERT (((_vector_spacing == 0x0) || (SIZEOF (.vector_48) <= (_vector_spacing << 0x5))), function at exception vector 48 too large)

.vector_49      0x9fc01820        0x0
 *(.vector_49)
                0x00000001                ASSERT (((_vector_spacing == 0x0) || (SIZEOF (.vector_49) <= (_vector_spacing << 0x5))), function at exception vector 49 too large)

.vector_50      0x9fc01840        0x0
 *(.vector_50)
                0x00000001                ASSERT (((_vector_spacing == 0x0) || (SIZEOF (.vector_50) <= (_vector_spacing << 0x5))), function at exception vector 50 too large)

.vector_51      0x9fc01860        0x0
 *(.vector_51)
                0x00000001                ASSERT (((_vector_spacing == 0x0) || (SIZEOF (.vector_51) <= (_vector_spacing << 0x5))), function at exception vector 51 too large)

.vector_52      0x9fc01880        0x0
 *(.vector_52)
                0x00000001                ASSERT (((_vector_spacing == 0x0) || (SIZEOF (.vector_52) <= (_vector_spacing << 0x5))), function at exception vector 52 too large)

.vector_53      0x9fc018a0        0x0
 *(.vector_53)
                0x00000001                ASSERT (((_vector_spacing == 0x0) || (SIZEOF (.vector_53) <= (_vector_spacing << 0x5))), function at exception vector 53 too large)

.vector_54      0x9fc018c0        0x0
 *(.vector_54)
                0x00000001                ASSERT (((_vector_spacing == 0x0) || (SIZEOF (.vector_54) <= (_vector_spacing << 0x5))), function at exception vector 54 too large)

.vector_55      0x9fc018e0        0x0
 *(.vector_55)
                0x00000001                ASSERT (((_vector_spacing == 0x0) || (SIZEOF (.vector_55) <= (_vector_spacing << 0x5))), function at exception vector 55 too large)

.vector_56      0x9fc01900        0x0
 *(.vector_56)
                0x00000001                ASSERT (((_vector_spacing == 0x0) || (SIZEOF (.vector_56) <= (_vector_spacing << 0x5))), function at exception vector 56 too large)

.vector_57      0x9fc01920        0x0
 *(.vector_57)
                0x00000001                ASSERT (((_vector_spacing == 0x0) || (SIZEOF (.vector_57) <= (_vector_spacing << 0x5))), function at exception vector 57 too large)

.vector_58      0x9fc01940        0x0
 *(.vector_58)
                0x00000001                ASSERT (((_vector_spacing == 0x0) || (SIZEOF (.vector_58) <= (_vector_spacing << 0x5))), function at exception vector 58 too large)

.vector_59      0x9fc01960        0x0
 *(.vector_59)
                0x00000001                ASSERT (((_vector_spacing == 0x0) || (SIZEOF (.vector_59) <= (_vector_spacing << 0x5))), function at exception vector 59 too large)

.vector_60      0x9fc01980        0x0
 *(.vector_60)
                0x00000001                ASSERT (((_vector_spacing == 0x0) || (SIZEOF (.vector_60) <= (_vector_spacing << 0x5))), function at exception vector 60 too large)

.vector_61      0x9fc019a0        0x0
 *(.vector_61)
                0x00000001                ASSERT (((_vector_spacing == 0x0) || (SIZEOF (.vector_61) <= (_vector_spacing << 0x5))), function at exception vector 61 too large)

.vector_62      0x9fc019c0        0x0
 *(.vector_62)
                0x00000001                ASSERT (((_vector_spacing == 0x0) || (SIZEOF (.vector_62) <= (_vector_spacing << 0x5))), function at exception vector 62 too large)

.vector_63      0x9fc019e0        0x0
 *(.vector_63)
                0x00000001                ASSERT (((_vector_spacing == 0x0) || (SIZEOF (.vector_63) <= (_vector_spacing << 0x5))), function at exception vector 63 too large)

.startup        0x9fc00490      0x1e0
 *(.startup)
 .startup       0x9fc00490      0x1e0 C:/Microchip Starter Kits/PIC32 Starter Kits/MPLAB C32 Suite/bin/../lib/gcc/pic32mx/3.4.4/../../../../pic32mx/lib/crt0.o

.text           0x9d000000     0x384c
                0x9d000000                _text_begin = .
 *(.text .stub .text.* .gnu.linkonce.t.*)
 .text          0x9d000000       0x18 C:/Microchip Starter Kits/PIC32 Starter Kits/MPLAB C32 Suite/bin/../lib/gcc/pic32mx/3.4.4/../../../../pic32mx/lib/crt0.o
 .text          0x9d000018      0x888 Objects\USB Device - WinUSB - Generic Driver - C32\main.o
                0x9d0005dc                USBCB_SOF_Handler
                0x9d00059c                USBCBSuspend
                0x9d0006c4                USBCBSendResume
                0x9d0005bc                USBCBWakeFromSuspend
                0x9d00061c                USBCBCheckOtherReq
                0x9d000304                BlinkUSBStatus
                0x9d000018                main
                0x9d0005fc                USBCBErrorHandler
                0x9d000108                ProcessIO
                0x9d000094                UserInit
                0x9d000730                USER_USB_CALLBACK_EVENT_HANDLER
                0x9d00065c                USBCBInitEP
                0x9d00063c                USBCBStdSetDscHandler
 .text          0x9d0008a0     0x2994 Objects\USB Device - WinUSB - Generic Driver - C32\usb_device.o
                0x9d00310c                USBDeviceDetach
                0x9d00225c                USBCtrlTrfTxService
                0x9d003140                USBDeviceAttach
                0x9d000b04                _USB1Interrupt
                0x9d00104c                USBSuspend
                0x9d001100                USBCtrlEPService
                0x9d001260                USBCtrlTrfSetupHandler
                0x9d000f80                USBStallHandler
                0x9d002480                USBCtrlTrfRxService
                0x9d002c6c                USBTransferOnePacket
                0x9d002a8c                USBStallEndpoint
                0x9d001a4c                USBStdGetDscHandler
                0x9d0029e8                USBEnableEndpoint
                0x9d0013dc                USBCtrlTrfInHandler
                0x9d0010a4                USBWakeFromSuspend
                0x9d001dc8                USBCtrlEPServiceComplete
                0x9d001308                USBCtrlTrfOutHandler
                0x9d002798                USBStdSetCfgHandler
                0x9d0008a0                USBDeviceInit
                0x9d002904                USBConfigureEndpoint
                0x9d001c24                USBStdGetStatusHandler
                0x9d001658                USBCheckStdRequest
                0x9d0017f4                USBStdFeatureReqHandler
                0x9d002ec8                USBCancelIO
                0x9d001574                USBPrepareForNextSetupTrf
 .text          0x9d003234       0xa8 C:/Microchip Starter Kits/PIC32 Starter Kits/MPLAB C32 Suite/bin/../lib/gcc/pic32mx/3.4.4/../../../../pic32mx/lib\libc.a(memset.o)
                0x9d003234                memset
 .text.general_exception
                0x9d0032dc       0xd0 C:/Microchip Starter Kits/PIC32 Starter Kits/MPLAB C32 Suite/bin/../lib/gcc/pic32mx/3.4.4/../../../../pic32mx/lib\libc.a(general-exception.o)
                0x9d0032dc                _general_exception_context
 .text.exit     0x9d0033ac       0xa4 C:/Microchip Starter Kits/PIC32 Starter Kits/MPLAB C32 Suite/bin/../lib/gcc/pic32mx/3.4.4/../../../../pic32mx/lib\libc.a(exit.o)
                0x9d0033ac                exit
 .text._filbuf_simple
                0x9d003450       0x28 C:/Microchip Starter Kits/PIC32 Starter Kits/MPLAB C32 Suite/bin/../lib/gcc/pic32mx/3.4.4/../../../../pic32mx/lib\libc.a(_iobfuncs.o)
                0x9d003450                _filbuf_simple
 .text._fflush_simple
                0x9d003478       0x68 C:/Microchip Starter Kits/PIC32 Starter Kits/MPLAB C32 Suite/bin/../lib/gcc/pic32mx/3.4.4/../../../../pic32mx/lib\libc.a(_iobfuncs.o)
                0x9d003478                _fflush_simple
 .text._flsbuf_simple
                0x9d0034e0       0xe8 C:/Microchip Starter Kits/PIC32 Starter Kits/MPLAB C32 Suite/bin/../lib/gcc/pic32mx/3.4.4/../../../../pic32mx/lib\libc.a(_iobfuncs.o)
                0x9d0034e0                _flsbuf_simple
 .text._fwrite_simple
                0x9d0035c8       0x84 C:/Microchip Starter Kits/PIC32 Starter Kits/MPLAB C32 Suite/bin/../lib/gcc/pic32mx/3.4.4/../../../../pic32mx/lib\libc.a(_iobfuncs.o)
                0x9d0035c8                _fwrite_simple
 .text._fsync_simple
                0x9d00364c       0x34 C:/Microchip Starter Kits/PIC32 Starter Kits/MPLAB C32 Suite/bin/../lib/gcc/pic32mx/3.4.4/../../../../pic32mx/lib\libc.a(_iobfuncs.o)
                0x9d00364c                _fsync_simple
 .text._weak_pthread_mutex_init
                0x9d003680        0x8 C:/Microchip Starter Kits/PIC32 Starter Kits/MPLAB C32 Suite/bin/../lib/gcc/pic32mx/3.4.4/../../../../pic32mx/lib\libc.a(stubs.o)
                0x9d003680                _weak_pthread_mutex_init
                0x9d003680                pthread_mutex_init
 .text._weak_pthread_mutex_destroy
                0x9d003688        0x8 C:/Microchip Starter Kits/PIC32 Starter Kits/MPLAB C32 Suite/bin/../lib/gcc/pic32mx/3.4.4/../../../../pic32mx/lib\libc.a(stubs.o)
                0x9d003688                _weak_pthread_mutex_destroy
                0x9d003688                pthread_mutex_destroy
 .text._weak_pthread_mutex_lock
                0x9d003690        0x8 C:/Microchip Starter Kits/PIC32 Starter Kits/MPLAB C32 Suite/bin/../lib/gcc/pic32mx/3.4.4/../../../../pic32mx/lib\libc.a(stubs.o)
                0x9d003690                _weak_pthread_mutex_lock
                0x9d003690                pthread_mutex_lock
 .text._weak_pthread_mutex_trylock
                0x9d003698        0x8 C:/Microchip Starter Kits/PIC32 Starter Kits/MPLAB C32 Suite/bin/../lib/gcc/pic32mx/3.4.4/../../../../pic32mx/lib\libc.a(stubs.o)
                0x9d003698                _weak_pthread_mutex_trylock
                0x9d003698                pthread_mutex_trylock
 .text._weak_pthread_mutex_unlock
                0x9d0036a0        0x8 C:/Microchip Starter Kits/PIC32 Starter Kits/MPLAB C32 Suite/bin/../lib/gcc/pic32mx/3.4.4/../../../../pic32mx/lib\libc.a(stubs.o)
                0x9d0036a0                _weak_pthread_mutex_unlock
                0x9d0036a0                pthread_mutex_unlock
 .text._weak_pthread_mutex_setname_np
                0x9d0036a8        0x8 C:/Microchip Starter Kits/PIC32 Starter Kits/MPLAB C32 Suite/bin/../lib/gcc/pic32mx/3.4.4/../../../../pic32mx/lib\libc.a(stubs.o)
                0x9d0036a8                pthread_mutex_setname_np
                0x9d0036a8                _weak_pthread_mutex_setname_np
 .text._weak_pthread_mutexattr_init
                0x9d0036b0        0x8 C:/Microchip Starter Kits/PIC32 Starter Kits/MPLAB C32 Suite/bin/../lib/gcc/pic32mx/3.4.4/../../../../pic32mx/lib\libc.a(stubs.o)
                0x9d0036b0                _weak_pthread_mutexattr_init
                0x9d0036b0                pthread_mutexattr_init
 .text._weak_pthread_mutexattr_destroy
                0x9d0036b8        0x8 C:/Microchip Starter Kits/PIC32 Starter Kits/MPLAB C32 Suite/bin/../lib/gcc/pic32mx/3.4.4/../../../../pic32mx/lib\libc.a(stubs.o)
                0x9d0036b8                pthread_mutexattr_destroy
                0x9d0036b8                _weak_pthread_mutexattr_destroy
 .text._weak_pthread_mutexattr_setname_np
                0x9d0036c0        0x8 C:/Microchip Starter Kits/PIC32 Starter Kits/MPLAB C32 Suite/bin/../lib/gcc/pic32mx/3.4.4/../../../../pic32mx/lib\libc.a(stubs.o)
                0x9d0036c0                _weak_pthread_mutexattr_setname_np
                0x9d0036c0                pthread_mutexattr_setname_np
 .text._weak_pthread_mutexattr_settype_np
                0x9d0036c8        0x8 C:/Microchip Starter Kits/PIC32 Starter Kits/MPLAB C32 Suite/bin/../lib/gcc/pic32mx/3.4.4/../../../../pic32mx/lib\libc.a(stubs.o)
                0x9d0036c8                _weak_pthread_mutexattr_settype_np
                0x9d0036c8                pthread_mutexattr_settype_np
 .text._weak_pthread_sysconf_np
                0x9d0036d0        0x8 C:/Microchip Starter Kits/PIC32 Starter Kits/MPLAB C32 Suite/bin/../lib/gcc/pic32mx/3.4.4/../../../../pic32mx/lib\libc.a(stubs.o)
                0x9d0036d0                _weak_pthread_sysconf_np
                0x9d0036d0                pthread_sysconf_np
 .text._weak_pthread_sigdisable_np
                0x9d0036d8        0x8 C:/Microchip Starter Kits/PIC32 Starter Kits/MPLAB C32 Suite/bin/../lib/gcc/pic32mx/3.4.4/../../../../pic32mx/lib\libc.a(stubs.o)
                0x9d0036d8                _weak_pthread_sigdisable_np
                0x9d0036d8                pthread_sigdisable_np
 .text._weak_pthread_sigrestore_np
                0x9d0036e0        0x8 C:/Microchip Starter Kits/PIC32 Starter Kits/MPLAB C32 Suite/bin/../lib/gcc/pic32mx/3.4.4/../../../../pic32mx/lib\libc.a(stubs.o)
                0x9d0036e0                pthread_sigrestore_np
                0x9d0036e0                _weak_pthread_sigrestore_np
 .text._weak__pthread_cleanup_push
                0x9d0036e8        0x8 C:/Microchip Starter Kits/PIC32 Starter Kits/MPLAB C32 Suite/bin/../lib/gcc/pic32mx/3.4.4/../../../../pic32mx/lib\libc.a(stubs.o)
                0x9d0036e8                _weak__pthread_cleanup_push
                0x9d0036e8                _pthread_cleanup_push
 .text._weak__pthread_cleanup_pop
                0x9d0036f0        0x8 C:/Microchip Starter Kits/PIC32 Starter Kits/MPLAB C32 Suite/bin/../lib/gcc/pic32mx/3.4.4/../../../../pic32mx/lib\libc.a(stubs.o)
                0x9d0036f0                _pthread_cleanup_pop
                0x9d0036f0                _weak__pthread_cleanup_pop
 .text._weak__pthread_cleanup_push_defer
                0x9d0036f8        0x8 C:/Microchip Starter Kits/PIC32 Starter Kits/MPLAB C32 Suite/bin/../lib/gcc/pic32mx/3.4.4/../../../../pic32mx/lib\libc.a(stubs.o)
                0x9d0036f8                _weak__pthread_cleanup_push_defer
                0x9d0036f8                _pthread_cleanup_push_defer
 .text._weak__pthread_cleanup_pop_restore
                0x9d003700        0x8 C:/Microchip Starter Kits/PIC32 Starter Kits/MPLAB C32 Suite/bin/../lib/gcc/pic32mx/3.4.4/../../../../pic32mx/lib\libc.a(stubs.o)
                0x9d003700                _pthread_cleanup_pop_restore
                0x9d003700                _weak__pthread_cleanup_pop_restore
 .text._weak_pthread_once
                0x9d003708       0x2c C:/Microchip Starter Kits/PIC32 Starter Kits/MPLAB C32 Suite/bin/../lib/gcc/pic32mx/3.4.4/../../../../pic32mx/lib\libc.a(stubs.o)
                0x9d003708                _weak_pthread_once
                0x9d003708                pthread_once
                0x9d003708                _pthread_once
 .text._weak_pthread_key_create
                0x9d003734        0x8 C:/Microchip Starter Kits/PIC32 Starter Kits/MPLAB C32 Suite/bin/../lib/gcc/pic32mx/3.4.4/../../../../pic32mx/lib\libc.a(stubs.o)
                0x9d003734                pthread_key_create
                0x9d003734                _weak_pthread_key_create
 .text._weak_pthread_setspecific
                0x9d00373c        0x8 C:/Microchip Starter Kits/PIC32 Starter Kits/MPLAB C32 Suite/bin/../lib/gcc/pic32mx/3.4.4/../../../../pic32mx/lib\libc.a(stubs.o)
                0x9d00373c                _weak_pthread_setspecific
                0x9d00373c                pthread_setspecific
 .text._weak_pthread_getspecific
                0x9d003744        0x8 C:/Microchip Starter Kits/PIC32 Starter Kits/MPLAB C32 Suite/bin/../lib/gcc/pic32mx/3.4.4/../../../../pic32mx/lib\libc.a(stubs.o)
                0x9d003744                pthread_getspecific
                0x9d003744                _weak_pthread_getspecific
 .text._weak__libc_private_storage
                0x9d00374c        0x8 C:/Microchip Starter Kits/PIC32 Starter Kits/MPLAB C32 Suite/bin/../lib/gcc/pic32mx/3.4.4/../../../../pic32mx/lib\libc.a(stubs.o)
                0x9d00374c                _libc_private_storage
                0x9d00374c                _weak__libc_private_storage
 .text._general_exception_handler
                0x9d003754        0x8 C:/Microchip Starter Kits/PIC32 Starter Kits/MPLAB C32 Suite/bin/../lib/gcc/pic32mx/3.4.4/../../../../pic32mx/lib\libc.a(default-general-exception-handler.o)
                0x9d003754                _general_exception_handler
 .text._bootstrap_exception_handler
                0x9d00375c        0x8 C:/Microchip Starter Kits/PIC32 Starter Kits/MPLAB C32 Suite/bin/../lib/gcc/pic32mx/3.4.4/../../../../pic32mx/lib\libc.a(default-bootstrap-exception-handler.o)
                0x9d00375c                _bootstrap_exception_handler
 .text._on_reset
                0x9d003764        0x8 C:/Microchip Starter Kits/PIC32 Starter Kits/MPLAB C32 Suite/bin/../lib/gcc/pic32mx/3.4.4/../../../../pic32mx/lib\libc.a(default-on-reset.o)
                0x9d003764                _on_reset
 .text._on_bootstrap
                0x9d00376c        0x8 C:/Microchip Starter Kits/PIC32 Starter Kits/MPLAB C32 Suite/bin/../lib/gcc/pic32mx/3.4.4/../../../../pic32mx/lib\libc.a(default-on-bootstrap.o)
                0x9d00376c                _on_bootstrap
 .text          0x9d003774       0x18 C:/Microchip Starter Kits/PIC32 Starter Kits/MPLAB C32 Suite/bin/../lib/gcc/pic32mx/3.4.4/../../../../pic32mx/lib\libc.a(default-nmi-handler.o)
                0x9d003774                _nmi_handler
 .text._mon_getc
                0x9d00378c        0x8 C:/Microchip Starter Kits/PIC32 Starter Kits/MPLAB C32 Suite/bin/../lib/gcc/pic32mx/3.4.4/../../../../pic32mx/lib\libc.a(_mon_getc.o)
                0x9d00378c                _mon_getc
 .text._mon_write
                0x9d003794       0x4c C:/Microchip Starter Kits/PIC32 Starter Kits/MPLAB C32 Suite/bin/../lib/gcc/pic32mx/3.4.4/../../../../pic32mx/lib\libc.a(_mon_write.o)
                0x9d003794                _mon_write
 .text._exit    0x9d0037e0        0x8 C:/Microchip Starter Kits/PIC32 Starter Kits/MPLAB C32 Suite/bin/../lib/gcc/pic32mx/3.4.4/../../../../pic32mx/lib\libc.a(_exit.o)
                0x9d0037e0                _exit
 .text._mon_putc
                0x9d0037e8       0x28 C:/Microchip Starter Kits/PIC32 Starter Kits/MPLAB C32 Suite/bin/../lib/gcc/pic32mx/3.4.4/../../../../pic32mx/lib\libc.a(_mon_putc.o)
                0x9d0037e8                _mon_putc
 .text.INTEnableInterrupts
                0x9d003810        0x8 C:/Microchip Starter Kits/PIC32 Starter Kits/MPLAB C32 Suite/bin/../lib/gcc/pic32mx/3.4.4/../../../../pic32mx/lib\libmchp_peripheral_32MX795F512L.a(int_enable_interrupts_lib.o)
                0x9d003810                INTEnableInterrupts
 .text.INTEnableSystemMultiVectoredInt
                0x9d003818       0x34 C:/Microchip Starter Kits/PIC32 Starter Kits/MPLAB C32 Suite/bin/../lib/gcc/pic32mx/3.4.4/../../../../pic32mx/lib\libmchp_peripheral_32MX795F512L.a(int_enable_mv_int_lib.o)
                0x9d003818                INTEnableSystemMultiVectoredInt
 *(.text.*personality*)
 *(.gnu.warning)
 *(.mips16.fn.*)
 *(.mips16.call.*)
                0x9d00384c                _text_end = .

.rodata         0x9d00384c      0x100
 *(.rodata .rodata.* .gnu.linkonce.r.*)
 .rodata        0x9d00384c       0xbc Objects\USB Device - WinUSB - Generic Driver - C32\usb_descriptors.o
                0x9d003860                configDescriptor1
                0x9d0038fc                USB_SD_Ptr
                0x9d003884                sd001
                0x9d0038b8                sd002
                0x9d003880                sd000
                0x9d0038f8                USB_CD_Ptr
                0x9d00384c                device_dsc
 .rodata        0x9d003908       0x30 Objects\USB Device - WinUSB - Generic Driver - C32\usb_device.o
 .rodata        0x9d003938       0x14 C:/Microchip Starter Kits/PIC32 Starter Kits/MPLAB C32 Suite/bin/../lib/gcc/pic32mx/3.4.4/../../../../pic32mx/lib\libc.a(_iobdata.o)
                0x9d003938                _io_funcs
 *(.rodata1)
                0x9d00394c                . = ALIGN (0x4)

.sdata2         0x9d00394c        0x0
 *(.sdata2 .sdata2.* .gnu.linkonce.s2.*)
                0x9d00394c                . = ALIGN (0x4)

.sbss2          0x9d00394c        0x0
 *(.sbss2 .sbss2.* .gnu.linkonce.sb2.*)
                0x9d00394c                . = ALIGN (0x4)

.eh_frame_hdr
 *(.eh_frame_hdr)

.eh_frame
 *(.eh_frame)

.dbg_data       0xa0000000        0x0
                0xa0000000                . = (. + DEFINED (_DEBUGGER)?0x200:0x0)

.data           0xa0000000       0xf4 load address 0x9d00394c
                0xa0000000                _data_begin = .
 *(.data .data.* .gnu.linkonce.d.*)
 .data          0xa0000000       0x20 C:/Microchip Starter Kits/PIC32 Starter Kits/MPLAB C32 Suite/bin/../lib/gcc/pic32mx/3.4.4/../../../../pic32mx/lib\libc.a(exit.o)
                0xa0000000                __exfun_mx
 .data          0xa0000020       0xd4 C:/Microchip Starter Kits/PIC32 Starter Kits/MPLAB C32 Suite/bin/../lib/gcc/pic32mx/3.4.4/../../../../pic32mx/lib\libc.a(_iobdata.o)
 *(.gnu.linkonce.d.*personality*)
 *(.data1)
                0x9d00394c                _data_image_begin = LOADADDR (.data)

.eh_frame
 *(.eh_frame)
                0xa00080f0                _gp = (ALIGN (0x10) + 0x7ff0)

.got
 *(.got.plt)
 *(.got)

.sdata          0xa00000f4        0x4 load address 0x9d003a40
                0xa00000f4                _sdata_begin = .
 *(.sdata .sdata.* .gnu.linkonce.s.*)
 .sdata         0xa00000f4        0x4 C:/Microchip Starter Kits/PIC32 Starter Kits/MPLAB C32 Suite/bin/../lib/gcc/pic32mx/3.4.4/../../../../pic32mx/lib\libc.a(_iobdata.o)
                0xa00000f4                _libc_data
                0xa00000f8                _sdata_end = .

.lit8
 *(.lit8)

.lit4
 *(.lit4)
                0xa00000f8                . = ALIGN (0x4)
                0xa00000f8                _data_end = .
                0xa00000f8                _bss_begin = .

.sbss           0xa00000f8       0x61
                0xa00000f8                _sbss_begin = .
 *(.dynsbss)
 *(.sbss .sbss.* .gnu.linkonce.sb.*)
 .sbss          0xa00000f8        0x4 Objects\USB Device - WinUSB - Generic Driver - C32\main.o
 .sbss          0xa00000fc        0x4 C:/Microchip Starter Kits/PIC32 Starter Kits/MPLAB C32 Suite/bin/../lib/gcc/pic32mx/3.4.4/../../../../pic32mx/lib\libc.a(errno.o)
                0xa00000fc                errno
 *(.scommon)
 .scommon       0xa0000100        0xc Objects\USB Device - WinUSB - Generic Driver - C32\main.o
                0xa0000100                USBGenericInHandle
                0xa0000104                USBGenericOutHandle
                0xa0000108                blinkStatusValid
 .scommon       0xa000010c       0x4d Objects\USB Device - WinUSB - Generic Driver - C32\usb_device.o
                0xa000010c                pDst
                0xa0000110                CtrlTrfData
                0xa0000118                USBDeviceState
                0xa000011c                controlTransferState
                0xa0000120                USBInMaxPacketSize
                0xa0000124                inPipes
                0xa000012c                BothEP0OutUOWNsSet
                0xa0000130                pBDTEntryEP0OutNext
                0xa0000134                SetupPkt
                0xa000013c                shortPacketStatus
                0xa0000140                pBDTEntryEP0OutCurrent
                0xa0000144                USBActiveConfiguration
                0xa0000148                RemoteWakeup
                0xa000014c                USTATcopy
                0xa0000150                USBInData
                0xa0000158                USBAlternateInterface
                0xa0000159                _sbss_end = .

.bss            0xa0000200      0x284
 *(.dynbss)
 *(.bss .bss.* .gnu.linkonce.b.*)
 .bss           0xa0000200       0x88 C:/Microchip Starter Kits/PIC32 Starter Kits/MPLAB C32 Suite/bin/../lib/gcc/pic32mx/3.4.4/../../../../pic32mx/lib\libc.a(_iobdata.o)
 .bss           0xa0000288       0x20 C:/Microchip Starter Kits/PIC32 Starter Kits/MPLAB C32 Suite/bin/../lib/gcc/pic32mx/3.4.4/../../../../pic32mx/lib\libc.a(_iobfuncs.o)
 .bss           0xa00002a8        0x4 C:/Microchip Starter Kits/PIC32 Starter Kits/MPLAB C32 Suite/bin/../lib/gcc/pic32mx/3.4.4/../../../../pic32mx/lib\libc.a(stubs.o)
                0xa00002a8                __isthreaded
 *(COMMON)
 COMMON         0xa00002ac       0x16 Objects\USB Device - WinUSB - Generic Driver - C32\main.o
                0xa00002ac                INPacket
                0xa00002b8                OUTPacket
 *fill*         0xa00002c2      0x13e 00
 COMMON         0xa0000400       0x83 Objects\USB Device - WinUSB - Generic Driver - C32\usb_device.o
                0xa0000400                BDT
                0xa0000460                pBDTEntryIn
                0xa000046c                pBDTEntryOut
                0xa0000478                outPipes
                0xa0000484                . = ALIGN (0x4)
 *fill*         0xa0000483        0x1 00
                0xa0000484                . = ALIGN (0x4)
                0xa0000484                _end = .
                0xa0000484                _bss_end = .

.heap           0xa0000484        0x0
                0xa0000484                _heap = .
                0xa0000484                . = (. + _min_heap_size)

.stack          0xa0000484      0x400
                0xa0000484                _splim = .
                0xa0000484                _SPLIM = .
                0xa0000884                . = (. + _min_stack_size)
 *fill*         0xa0000484      0x400 00

.ramfunc        0xa0001000        0x0 load address 0x9d003a44
                0xa0001000                _ramfunc_begin = .
 *(.ramfunc .ramfunc.*)
                0xa0001000                . = ALIGN (0x4)
                0xa0001000                _ramfunc_end = .
                0x9d003a44                _ramfunc_image_begin = LOADADDR (.ramfunc)
                0x00000000                _ramfunc_length = SIZEOF (.ramfunc)
                0x00001000                _bmxdkpba_address = (_ramfunc_begin - 0xa0000000)
                0x00020000                _bmxdudba_address = 0x20000
                0x00020000                _bmxdupba_address = 0x20000
                0xa0020000                _stack = (_ramfunc_length > 0x0)?(_ramfunc_begin - 0x4):0xa0020000
                0x00000001                ASSERT (((_min_stack_size + _min_heap_size) <= (_stack - _heap)), Not enough space to allocate both stack and heap.  Reduce heap and/or stack size.)

.pdr            0x00000000      0xac0
 *(.pdr)
 .pdr           0x00000000       0xa0 C:/Microchip Starter Kits/PIC32 Starter Kits/MPLAB C32 Suite/bin/../lib/gcc/pic32mx/3.4.4/../../../../pic32mx/lib/crt0.o
 .pdr           0x000000a0      0x1c0 Objects\USB Device - WinUSB - Generic Driver - C32\main.o
 .pdr           0x00000260      0x340 Objects\USB Device - WinUSB - Generic Driver - C32\usb_device.o
 .pdr           0x000005a0       0x20 C:/Microchip Starter Kits/PIC32 Starter Kits/MPLAB C32 Suite/bin/../lib/gcc/pic32mx/3.4.4/../../../../pic32mx/lib\libc.a(memset.o)
 .pdr           0x000005c0       0x20 C:/Microchip Starter Kits/PIC32 Starter Kits/MPLAB C32 Suite/bin/../lib/gcc/pic32mx/3.4.4/../../../../pic32mx/lib\libc.a(general-exception.o)
 .pdr           0x000005e0       0x20 C:/Microchip Starter Kits/PIC32 Starter Kits/MPLAB C32 Suite/bin/../lib/gcc/pic32mx/3.4.4/../../../../pic32mx/lib\libc.a(exit.o)
 .pdr           0x00000600       0xa0 C:/Microchip Starter Kits/PIC32 Starter Kits/MPLAB C32 Suite/bin/../lib/gcc/pic32mx/3.4.4/../../../../pic32mx/lib\libc.a(_iobfuncs.o)
 .pdr           0x000006a0      0x2c0 C:/Microchip Starter Kits/PIC32 Starter Kits/MPLAB C32 Suite/bin/../lib/gcc/pic32mx/3.4.4/../../../../pic32mx/lib\libc.a(stubs.o)
 .pdr           0x00000960       0x20 C:/Microchip Starter Kits/PIC32 Starter Kits/MPLAB C32 Suite/bin/../lib/gcc/pic32mx/3.4.4/../../../../pic32mx/lib\libc.a(default-general-exception-handler.o)
 .pdr           0x00000980       0x20 C:/Microchip Starter Kits/PIC32 Starter Kits/MPLAB C32 Suite/bin/../lib/gcc/pic32mx/3.4.4/../../../../pic32mx/lib\libc.a(default-bootstrap-exception-handler.o)
 .pdr           0x000009a0       0x20 C:/Microchip Starter Kits/PIC32 Starter Kits/MPLAB C32 Suite/bin/../lib/gcc/pic32mx/3.4.4/../../../../pic32mx/lib\libc.a(default-on-reset.o)
 .pdr           0x000009c0       0x20 C:/Microchip Starter Kits/PIC32 Starter Kits/MPLAB C32 Suite/bin/../lib/gcc/pic32mx/3.4.4/../../../../pic32mx/lib\libc.a(default-on-bootstrap.o)
 .pdr           0x000009e0       0x20 C:/Microchip Starter Kits/PIC32 Starter Kits/MPLAB C32 Suite/bin/../lib/gcc/pic32mx/3.4.4/../../../../pic32mx/lib\libc.a(default-nmi-handler.o)
 .pdr           0x00000a00       0x20 C:/Microchip Starter Kits/PIC32 Starter Kits/MPLAB C32 Suite/bin/../lib/gcc/pic32mx/3.4.4/../../../../pic32mx/lib\libc.a(_mon_getc.o)
 .pdr           0x00000a20       0x20 C:/Microchip Starter Kits/PIC32 Starter Kits/MPLAB C32 Suite/bin/../lib/gcc/pic32mx/3.4.4/../../../../pic32mx/lib\libc.a(_mon_write.o)
 .pdr           0x00000a40       0x20 C:/Microchip Starter Kits/PIC32 Starter Kits/MPLAB C32 Suite/bin/../lib/gcc/pic32mx/3.4.4/../../../../pic32mx/lib\libc.a(_exit.o)
 .pdr           0x00000a60       0x20 C:/Microchip Starter Kits/PIC32 Starter Kits/MPLAB C32 Suite/bin/../lib/gcc/pic32mx/3.4.4/../../../../pic32mx/lib\libc.a(_mon_putc.o)
 .pdr           0x00000a80       0x20 C:/Microchip Starter Kits/PIC32 Starter Kits/MPLAB C32 Suite/bin/../lib/gcc/pic32mx/3.4.4/../../../../pic32mx/lib\libmchp_peripheral_32MX795F512L.a(int_enable_interrupts_lib.o)
 .pdr           0x00000aa0       0x20 C:/Microchip Starter Kits/PIC32 Starter Kits/MPLAB C32 Suite/bin/../lib/gcc/pic32mx/3.4.4/../../../../pic32mx/lib\libmchp_peripheral_32MX795F512L.a(int_enable_mv_int_lib.o)

.reginfo        0x00000000       0x18
 *(.reginfo)
 .reginfo       0x00000000       0x18 C:/Microchip Starter Kits/PIC32 Starter Kits/MPLAB C32 Suite/bin/../lib/gcc/pic32mx/3.4.4/../../../../pic32mx/lib/crt0.o

.stab
 *(.stab)

.stabstr
 *(.stabstr)

.stab.excl
 *(.stab.excl)

.stab.exclstr
 *(.stab.exclstr)

.stab.index
 *(.stab.index)

.stab.indexstr
 *(.stab.indexstr)

.comment        0x00000000      0x7d6
 *(.comment)
 .comment       0x00000000       0x50 Objects\USB Device - WinUSB - Generic Driver - C32\main.o
 .comment       0x00000050       0x50 Objects\USB Device - WinUSB - Generic Driver - C32\usb_descriptors.o
 .comment       0x000000a0       0x50 Objects\USB Device - WinUSB - Generic Driver - C32\usb_device.o
 .comment       0x000000f0       0x50 Objects\USB Device - WinUSB - Generic Driver - C32\usb_function_generic.o
 .comment       0x00000140       0x56 C:/Microchip Starter Kits/PIC32 Starter Kits/MPLAB C32 Suite/bin/../lib/gcc/pic32mx/3.4.4/../../../../pic32mx/lib\libc.a(memset.o)
 .comment       0x00000196       0x9d C:/Microchip Starter Kits/PIC32 Starter Kits/MPLAB C32 Suite/bin/../lib/gcc/pic32mx/3.4.4/../../../../pic32mx/lib\libc.a(exit.o)
 .comment       0x00000233       0xa3 C:/Microchip Starter Kits/PIC32 Starter Kits/MPLAB C32 Suite/bin/../lib/gcc/pic32mx/3.4.4/../../../../pic32mx/lib\libc.a(_iobdata.o)
 .comment       0x000002d6       0xa4 C:/Microchip Starter Kits/PIC32 Starter Kits/MPLAB C32 Suite/bin/../lib/gcc/pic32mx/3.4.4/../../../../pic32mx/lib\libc.a(_iobfuncs.o)
 .comment       0x0000037a       0x9e C:/Microchip Starter Kits/PIC32 Starter Kits/MPLAB C32 Suite/bin/../lib/gcc/pic32mx/3.4.4/../../../../pic32mx/lib\libc.a(stubs.o)
 .comment       0x00000418       0x50 C:/Microchip Starter Kits/PIC32 Starter Kits/MPLAB C32 Suite/bin/../lib/gcc/pic32mx/3.4.4/../../../../pic32mx/lib\libc.a(default-general-exception-handler.o)
 .comment       0x00000468       0x50 C:/Microchip Starter Kits/PIC32 Starter Kits/MPLAB C32 Suite/bin/../lib/gcc/pic32mx/3.4.4/../../../../pic32mx/lib\libc.a(default-bootstrap-exception-handler.o)
 .comment       0x000004b8       0x50 C:/Microchip Starter Kits/PIC32 Starter Kits/MPLAB C32 Suite/bin/../lib/gcc/pic32mx/3.4.4/../../../../pic32mx/lib\libc.a(default-on-reset.o)
 .comment       0x00000508       0x50 C:/Microchip Starter Kits/PIC32 Starter Kits/MPLAB C32 Suite/bin/../lib/gcc/pic32mx/3.4.4/../../../../pic32mx/lib\libc.a(default-on-bootstrap.o)
 .comment       0x00000558       0x50 C:/Microchip Starter Kits/PIC32 Starter Kits/MPLAB C32 Suite/bin/../lib/gcc/pic32mx/3.4.4/../../../../pic32mx/lib\libc.a(_mon_getc.o)
 .comment       0x000005a8       0x50 C:/Microchip Starter Kits/PIC32 Starter Kits/MPLAB C32 Suite/bin/../lib/gcc/pic32mx/3.4.4/../../../../pic32mx/lib\libc.a(_mon_write.o)
 .comment       0x000005f8       0x50 C:/Microchip Starter Kits/PIC32 Starter Kits/MPLAB C32 Suite/bin/../lib/gcc/pic32mx/3.4.4/../../../../pic32mx/lib\libc.a(_exit.o)
 .comment       0x00000648       0x9e C:/Microchip Starter Kits/PIC32 Starter Kits/MPLAB C32 Suite/bin/../lib/gcc/pic32mx/3.4.4/../../../../pic32mx/lib\libc.a(errno.o)
 .comment       0x000006e6       0x50 C:/Microchip Starter Kits/PIC32 Starter Kits/MPLAB C32 Suite/bin/../lib/gcc/pic32mx/3.4.4/../../../../pic32mx/lib\libc.a(_mon_putc.o)
 .comment       0x00000736       0x50 C:/Microchip Starter Kits/PIC32 Starter Kits/MPLAB C32 Suite/bin/../lib/gcc/pic32mx/3.4.4/../../../../pic32mx/lib\libmchp_peripheral_32MX795F512L.a(int_enable_interrupts_lib.o)
 .comment       0x00000786       0x50 C:/Microchip Starter Kits/PIC32 Starter Kits/MPLAB C32 Suite/bin/../lib/gcc/pic32mx/3.4.4/../../../../pic32mx/lib\libmchp_peripheral_32MX795F512L.a(int_enable_mv_int_lib.o)

.debug
 *(.debug)

.line
 *(.line)

.debug_srcinfo
 *(.debug_srcinfo)

.debug_sfnames
 *(.debug_sfnames)

.debug_aranges  0x00000000      0x310
 *(.debug_aranges)
 .debug_aranges
                0x00000000       0x20 Objects\USB Device - WinUSB - Generic Driver - C32\main.o
 .debug_aranges
                0x00000020       0x20 Objects\USB Device - WinUSB - Generic Driver - C32\usb_device.o
 .debug_aranges
                0x00000040       0x28 C:/Microchip Starter Kits/PIC32 Starter Kits/MPLAB C32 Suite/bin/../lib/gcc/pic32mx/3.4.4/../../../../pic32mx/lib\libc.a(exit.o)
 .debug_aranges
                0x00000068       0x48 C:/Microchip Starter Kits/PIC32 Starter Kits/MPLAB C32 Suite/bin/../lib/gcc/pic32mx/3.4.4/../../../../pic32mx/lib\libc.a(_iobfuncs.o)
 .debug_aranges
                0x000000b0       0xd0 C:/Microchip Starter Kits/PIC32 Starter Kits/MPLAB C32 Suite/bin/../lib/gcc/pic32mx/3.4.4/../../../../pic32mx/lib\libc.a(stubs.o)
 .debug_aranges
                0x00000180       0x28 C:/Microchip Starter Kits/PIC32 Starter Kits/MPLAB C32 Suite/bin/../lib/gcc/pic32mx/3.4.4/../../../../pic32mx/lib\libc.a(default-general-exception-handler.o)
 .debug_aranges
                0x000001a8       0x28 C:/Microchip Starter Kits/PIC32 Starter Kits/MPLAB C32 Suite/bin/../lib/gcc/pic32mx/3.4.4/../../../../pic32mx/lib\libc.a(default-bootstrap-exception-handler.o)
 .debug_aranges
                0x000001d0       0x28 C:/Microchip Starter Kits/PIC32 Starter Kits/MPLAB C32 Suite/bin/../lib/gcc/pic32mx/3.4.4/../../../../pic32mx/lib\libc.a(default-on-reset.o)
 .debug_aranges
                0x000001f8       0x28 C:/Microchip Starter Kits/PIC32 Starter Kits/MPLAB C32 Suite/bin/../lib/gcc/pic32mx/3.4.4/../../../../pic32mx/lib\libc.a(default-on-bootstrap.o)
 .debug_aranges
                0x00000220       0x28 C:/Microchip Starter Kits/PIC32 Starter Kits/MPLAB C32 Suite/bin/../lib/gcc/pic32mx/3.4.4/../../../../pic32mx/lib\libc.a(_mon_getc.o)
 .debug_aranges
                0x00000248       0x28 C:/Microchip Starter Kits/PIC32 Starter Kits/MPLAB C32 Suite/bin/../lib/gcc/pic32mx/3.4.4/../../../../pic32mx/lib\libc.a(_mon_write.o)
 .debug_aranges
                0x00000270       0x28 C:/Microchip Starter Kits/PIC32 Starter Kits/MPLAB C32 Suite/bin/../lib/gcc/pic32mx/3.4.4/../../../../pic32mx/lib\libc.a(_exit.o)
 .debug_aranges
                0x00000298       0x28 C:/Microchip Starter Kits/PIC32 Starter Kits/MPLAB C32 Suite/bin/../lib/gcc/pic32mx/3.4.4/../../../../pic32mx/lib\libc.a(_mon_putc.o)
 .debug_aranges
                0x000002c0       0x28 C:/Microchip Starter Kits/PIC32 Starter Kits/MPLAB C32 Suite/bin/../lib/gcc/pic32mx/3.4.4/../../../../pic32mx/lib\libmchp_peripheral_32MX795F512L.a(int_enable_interrupts_lib.o)
 .debug_aranges
                0x000002e8       0x28 C:/Microchip Starter Kits/PIC32 Starter Kits/MPLAB C32 Suite/bin/../lib/gcc/pic32mx/3.4.4/../../../../pic32mx/lib\libmchp_peripheral_32MX795F512L.a(int_enable_mv_int_lib.o)

.debug_pubnames
                0x00000000      0xa91
 *(.debug_pubnames)
 .debug_pubnames
                0x00000000      0x177 Objects\USB Device - WinUSB - Generic Driver - C32\main.o
 .debug_pubnames
                0x00000177       0x73 Objects\USB Device - WinUSB - Generic Driver - C32\usb_descriptors.o
 .debug_pubnames
                0x000001ea      0x3bd Objects\USB Device - WinUSB - Generic Driver - C32\usb_device.o
 .debug_pubnames
                0x000005a7       0x1b C:/Microchip Starter Kits/PIC32 Starter Kits/MPLAB C32 Suite/bin/../lib/gcc/pic32mx/3.4.4/../../../../pic32mx/lib\libc.a(exit.o)
 .debug_pubnames
                0x000005c2       0x70 C:/Microchip Starter Kits/PIC32 Starter Kits/MPLAB C32 Suite/bin/../lib/gcc/pic32mx/3.4.4/../../../../pic32mx/lib\libc.a(_iobfuncs.o)
 .debug_pubnames
                0x00000632      0x2da C:/Microchip Starter Kits/PIC32 Starter Kits/MPLAB C32 Suite/bin/../lib/gcc/pic32mx/3.4.4/../../../../pic32mx/lib\libc.a(stubs.o)
 .debug_pubnames
                0x0000090c       0x31 C:/Microchip Starter Kits/PIC32 Starter Kits/MPLAB C32 Suite/bin/../lib/gcc/pic32mx/3.4.4/../../../../pic32mx/lib\libc.a(default-general-exception-handler.o)
 .debug_pubnames
                0x0000093d       0x33 C:/Microchip Starter Kits/PIC32 Starter Kits/MPLAB C32 Suite/bin/../lib/gcc/pic32mx/3.4.4/../../../../pic32mx/lib\libc.a(default-bootstrap-exception-handler.o)
 .debug_pubnames
                0x00000970       0x20 C:/Microchip Starter Kits/PIC32 Starter Kits/MPLAB C32 Suite/bin/../lib/gcc/pic32mx/3.4.4/../../../../pic32mx/lib\libc.a(default-on-reset.o)
 .debug_pubnames
                0x00000990       0x24 C:/Microchip Starter Kits/PIC32 Starter Kits/MPLAB C32 Suite/bin/../lib/gcc/pic32mx/3.4.4/../../../../pic32mx/lib\libc.a(default-on-bootstrap.o)
 .debug_pubnames
                0x000009b4       0x20 C:/Microchip Starter Kits/PIC32 Starter Kits/MPLAB C32 Suite/bin/../lib/gcc/pic32mx/3.4.4/../../../../pic32mx/lib\libc.a(_mon_getc.o)
 .debug_pubnames
                0x000009d4       0x21 C:/Microchip Starter Kits/PIC32 Starter Kits/MPLAB C32 Suite/bin/../lib/gcc/pic32mx/3.4.4/../../../../pic32mx/lib\libc.a(_mon_write.o)
 .debug_pubnames
                0x000009f5       0x1c C:/Microchip Starter Kits/PIC32 Starter Kits/MPLAB C32 Suite/bin/../lib/gcc/pic32mx/3.4.4/../../../../pic32mx/lib\libc.a(_exit.o)
 .debug_pubnames
                0x00000a11       0x20 C:/Microchip Starter Kits/PIC32 Starter Kits/MPLAB C32 Suite/bin/../lib/gcc/pic32mx/3.4.4/../../../../pic32mx/lib\libc.a(_mon_putc.o)
 .debug_pubnames
                0x00000a31       0x2a C:/Microchip Starter Kits/PIC32 Starter Kits/MPLAB C32 Suite/bin/../lib/gcc/pic32mx/3.4.4/../../../../pic32mx/lib\libmchp_peripheral_32MX795F512L.a(int_enable_interrupts_lib.o)
 .debug_pubnames
                0x00000a5b       0x36 C:/Microchip Starter Kits/PIC32 Starter Kits/MPLAB C32 Suite/bin/../lib/gcc/pic32mx/3.4.4/../../../../pic32mx/lib\libmchp_peripheral_32MX795F512L.a(int_enable_mv_int_lib.o)

.debug_info     0x00000000     0x4102
 *(.debug_info .gnu.linkonce.wi.*)
 .debug_info    0x00000000      0xefe Objects\USB Device - WinUSB - Generic Driver - C32\main.o
 .debug_info    0x00000efe      0xa36 Objects\USB Device - WinUSB - Generic Driver - C32\usb_descriptors.o
 .debug_info    0x00001934     0x1c89 Objects\USB Device - WinUSB - Generic Driver - C32\usb_device.o
 .debug_info    0x000035bd      0x713 Objects\USB Device - WinUSB - Generic Driver - C32\usb_function_generic.o
 .debug_info    0x00003cd0       0x30 C:/Microchip Starter Kits/PIC32 Starter Kits/MPLAB C32 Suite/bin/../lib/gcc/pic32mx/3.4.4/../../../../pic32mx/lib\libc.a(exit.o)
 .debug_info    0x00003d00       0x78 C:/Microchip Starter Kits/PIC32 Starter Kits/MPLAB C32 Suite/bin/../lib/gcc/pic32mx/3.4.4/../../../../pic32mx/lib\libc.a(_iobfuncs.o)
 .debug_info    0x00003d78      0x1aa C:/Microchip Starter Kits/PIC32 Starter Kits/MPLAB C32 Suite/bin/../lib/gcc/pic32mx/3.4.4/../../../../pic32mx/lib\libc.a(stubs.o)
 .debug_info    0x00003f22       0x30 C:/Microchip Starter Kits/PIC32 Starter Kits/MPLAB C32 Suite/bin/../lib/gcc/pic32mx/3.4.4/../../../../pic32mx/lib\libc.a(default-general-exception-handler.o)
 .debug_info    0x00003f52       0x30 C:/Microchip Starter Kits/PIC32 Starter Kits/MPLAB C32 Suite/bin/../lib/gcc/pic32mx/3.4.4/../../../../pic32mx/lib\libc.a(default-bootstrap-exception-handler.o)
 .debug_info    0x00003f82       0x30 C:/Microchip Starter Kits/PIC32 Starter Kits/MPLAB C32 Suite/bin/../lib/gcc/pic32mx/3.4.4/../../../../pic32mx/lib\libc.a(default-on-reset.o)
 .debug_info    0x00003fb2       0x30 C:/Microchip Starter Kits/PIC32 Starter Kits/MPLAB C32 Suite/bin/../lib/gcc/pic32mx/3.4.4/../../../../pic32mx/lib\libc.a(default-on-bootstrap.o)
 .debug_info    0x00003fe2       0x30 C:/Microchip Starter Kits/PIC32 Starter Kits/MPLAB C32 Suite/bin/../lib/gcc/pic32mx/3.4.4/../../../../pic32mx/lib\libc.a(_mon_getc.o)
 .debug_info    0x00004012       0x30 C:/Microchip Starter Kits/PIC32 Starter Kits/MPLAB C32 Suite/bin/../lib/gcc/pic32mx/3.4.4/../../../../pic32mx/lib\libc.a(_mon_write.o)
 .debug_info    0x00004042       0x30 C:/Microchip Starter Kits/PIC32 Starter Kits/MPLAB C32 Suite/bin/../lib/gcc/pic32mx/3.4.4/../../../../pic32mx/lib\libc.a(_exit.o)
 .debug_info    0x00004072       0x30 C:/Microchip Starter Kits/PIC32 Starter Kits/MPLAB C32 Suite/bin/../lib/gcc/pic32mx/3.4.4/../../../../pic32mx/lib\libc.a(_mon_putc.o)
 .debug_info    0x000040a2       0x30 C:/Microchip Starter Kits/PIC32 Starter Kits/MPLAB C32 Suite/bin/../lib/gcc/pic32mx/3.4.4/../../../../pic32mx/lib\libmchp_peripheral_32MX795F512L.a(int_enable_interrupts_lib.o)
 .debug_info    0x000040d2       0x30 C:/Microchip Starter Kits/PIC32 Starter Kits/MPLAB C32 Suite/bin/../lib/gcc/pic32mx/3.4.4/../../../../pic32mx/lib\libmchp_peripheral_32MX795F512L.a(int_enable_mv_int_lib.o)

.debug_abbrev   0x00000000      0x81a
 *(.debug_abbrev)
 .debug_abbrev  0x00000000      0x1ef Objects\USB Device - WinUSB - Generic Driver - C32\main.o
 .debug_abbrev  0x000001ef      0x13f Objects\USB Device - WinUSB - Generic Driver - C32\usb_descriptors.o
 .debug_abbrev  0x0000032e      0x21c Objects\USB Device - WinUSB - Generic Driver - C32\usb_device.o
 .debug_abbrev  0x0000054a      0x107 Objects\USB Device - WinUSB - Generic Driver - C32\usb_function_generic.o
 .debug_abbrev  0x00000651       0x23 C:/Microchip Starter Kits/PIC32 Starter Kits/MPLAB C32 Suite/bin/../lib/gcc/pic32mx/3.4.4/../../../../pic32mx/lib\libc.a(exit.o)
 .debug_abbrev  0x00000674        0x1 C:/Microchip Starter Kits/PIC32 Starter Kits/MPLAB C32 Suite/bin/../lib/gcc/pic32mx/3.4.4/../../../../pic32mx/lib\libc.a(_iobdata.o)
 .debug_abbrev  0x00000675       0x23 C:/Microchip Starter Kits/PIC32 Starter Kits/MPLAB C32 Suite/bin/../lib/gcc/pic32mx/3.4.4/../../../../pic32mx/lib\libc.a(_iobfuncs.o)
 .debug_abbrev  0x00000698       0x23 C:/Microchip Starter Kits/PIC32 Starter Kits/MPLAB C32 Suite/bin/../lib/gcc/pic32mx/3.4.4/../../../../pic32mx/lib\libc.a(stubs.o)
 .debug_abbrev  0x000006bb       0x23 C:/Microchip Starter Kits/PIC32 Starter Kits/MPLAB C32 Suite/bin/../lib/gcc/pic32mx/3.4.4/../../../../pic32mx/lib\libc.a(default-general-exception-handler.o)
 .debug_abbrev  0x000006de       0x23 C:/Microchip Starter Kits/PIC32 Starter Kits/MPLAB C32 Suite/bin/../lib/gcc/pic32mx/3.4.4/../../../../pic32mx/lib\libc.a(default-bootstrap-exception-handler.o)
 .debug_abbrev  0x00000701       0x23 C:/Microchip Starter Kits/PIC32 Starter Kits/MPLAB C32 Suite/bin/../lib/gcc/pic32mx/3.4.4/../../../../pic32mx/lib\libc.a(default-on-reset.o)
 .debug_abbrev  0x00000724       0x23 C:/Microchip Starter Kits/PIC32 Starter Kits/MPLAB C32 Suite/bin/../lib/gcc/pic32mx/3.4.4/../../../../pic32mx/lib\libc.a(default-on-bootstrap.o)
 .debug_abbrev  0x00000747       0x23 C:/Microchip Starter Kits/PIC32 Starter Kits/MPLAB C32 Suite/bin/../lib/gcc/pic32mx/3.4.4/../../../../pic32mx/lib\libc.a(_mon_getc.o)
 .debug_abbrev  0x0000076a       0x23 C:/Microchip Starter Kits/PIC32 Starter Kits/MPLAB C32 Suite/bin/../lib/gcc/pic32mx/3.4.4/../../../../pic32mx/lib\libc.a(_mon_write.o)
 .debug_abbrev  0x0000078d       0x23 C:/Microchip Starter Kits/PIC32 Starter Kits/MPLAB C32 Suite/bin/../lib/gcc/pic32mx/3.4.4/../../../../pic32mx/lib\libc.a(_exit.o)
 .debug_abbrev  0x000007b0        0x1 C:/Microchip Starter Kits/PIC32 Starter Kits/MPLAB C32 Suite/bin/../lib/gcc/pic32mx/3.4.4/../../../../pic32mx/lib\libc.a(errno.o)
 .debug_abbrev  0x000007b1       0x23 C:/Microchip Starter Kits/PIC32 Starter Kits/MPLAB C32 Suite/bin/../lib/gcc/pic32mx/3.4.4/../../../../pic32mx/lib\libc.a(_mon_putc.o)
 .debug_abbrev  0x000007d4       0x23 C:/Microchip Starter Kits/PIC32 Starter Kits/MPLAB C32 Suite/bin/../lib/gcc/pic32mx/3.4.4/../../../../pic32mx/lib\libmchp_peripheral_32MX795F512L.a(int_enable_interrupts_lib.o)
 .debug_abbrev  0x000007f7       0x23 C:/Microchip Starter Kits/PIC32 Starter Kits/MPLAB C32 Suite/bin/../lib/gcc/pic32mx/3.4.4/../../../../pic32mx/lib\libmchp_peripheral_32MX795F512L.a(int_enable_mv_int_lib.o)

.debug_line     0x00000000     0x127a
 *(.debug_line)
 .debug_line    0x00000000      0x29d Objects\USB Device - WinUSB - Generic Driver - C32\main.o
 .debug_line    0x0000029d      0x1c0 Objects\USB Device - WinUSB - Generic Driver - C32\usb_descriptors.o
 .debug_line    0x0000045d      0x58a Objects\USB Device - WinUSB - Generic Driver - C32\usb_device.o
 .debug_line    0x000009e7      0x171 Objects\USB Device - WinUSB - Generic Driver - C32\usb_function_generic.o
 .debug_line    0x00000b58       0x7d C:/Microchip Starter Kits/PIC32 Starter Kits/MPLAB C32 Suite/bin/../lib/gcc/pic32mx/3.4.4/../../../../pic32mx/lib\libc.a(exit.o)
 .debug_line    0x00000bd5       0x84 C:/Microchip Starter Kits/PIC32 Starter Kits/MPLAB C32 Suite/bin/../lib/gcc/pic32mx/3.4.4/../../../../pic32mx/lib\libc.a(_iobfuncs.o)
 .debug_line    0x00000c59       0x80 C:/Microchip Starter Kits/PIC32 Starter Kits/MPLAB C32 Suite/bin/../lib/gcc/pic32mx/3.4.4/../../../../pic32mx/lib\libc.a(stubs.o)
 .debug_line    0x00000cd9       0x9c C:/Microchip Starter Kits/PIC32 Starter Kits/MPLAB C32 Suite/bin/../lib/gcc/pic32mx/3.4.4/../../../../pic32mx/lib\libc.a(default-general-exception-handler.o)
 .debug_line    0x00000d75       0x9e C:/Microchip Starter Kits/PIC32 Starter Kits/MPLAB C32 Suite/bin/../lib/gcc/pic32mx/3.4.4/../../../../pic32mx/lib\libc.a(default-bootstrap-exception-handler.o)
 .debug_line    0x00000e13       0x8b C:/Microchip Starter Kits/PIC32 Starter Kits/MPLAB C32 Suite/bin/../lib/gcc/pic32mx/3.4.4/../../../../pic32mx/lib\libc.a(default-on-reset.o)
 .debug_line    0x00000e9e       0x8f C:/Microchip Starter Kits/PIC32 Starter Kits/MPLAB C32 Suite/bin/../lib/gcc/pic32mx/3.4.4/../../../../pic32mx/lib\libc.a(default-on-bootstrap.o)
 .debug_line    0x00000f2d       0x84 C:/Microchip Starter Kits/PIC32 Starter Kits/MPLAB C32 Suite/bin/../lib/gcc/pic32mx/3.4.4/../../../../pic32mx/lib\libc.a(_mon_getc.o)
 .debug_line    0x00000fb1       0x85 C:/Microchip Starter Kits/PIC32 Starter Kits/MPLAB C32 Suite/bin/../lib/gcc/pic32mx/3.4.4/../../../../pic32mx/lib\libc.a(_mon_write.o)
 .debug_line    0x00001036       0x80 C:/Microchip Starter Kits/PIC32 Starter Kits/MPLAB C32 Suite/bin/../lib/gcc/pic32mx/3.4.4/../../../../pic32mx/lib\libc.a(_exit.o)
 .debug_line    0x000010b6       0x84 C:/Microchip Starter Kits/PIC32 Starter Kits/MPLAB C32 Suite/bin/../lib/gcc/pic32mx/3.4.4/../../../../pic32mx/lib\libc.a(_mon_putc.o)
 .debug_line    0x0000113a       0xa2 C:/Microchip Starter Kits/PIC32 Starter Kits/MPLAB C32 Suite/bin/../lib/gcc/pic32mx/3.4.4/../../../../pic32mx/lib\libmchp_peripheral_32MX795F512L.a(int_enable_interrupts_lib.o)
 .debug_line    0x000011dc       0x9e C:/Microchip Starter Kits/PIC32 Starter Kits/MPLAB C32 Suite/bin/../lib/gcc/pic32mx/3.4.4/../../../../pic32mx/lib\libmchp_peripheral_32MX795F512L.a(int_enable_mv_int_lib.o)

.debug_frame    0x00000000      0x85c
 *(.debug_frame)
 .debug_frame   0x00000000      0x1ac Objects\USB Device - WinUSB - Generic Driver - C32\main.o
 .debug_frame   0x000001ac      0x31c Objects\USB Device - WinUSB - Generic Driver - C32\usb_device.o
 .debug_frame   0x000004c8       0x34 C:/Microchip Starter Kits/PIC32 Starter Kits/MPLAB C32 Suite/bin/../lib/gcc/pic32mx/3.4.4/../../../../pic32mx/lib\libc.a(exit.o)
 .debug_frame   0x000004fc       0x90 C:/Microchip Starter Kits/PIC32 Starter Kits/MPLAB C32 Suite/bin/../lib/gcc/pic32mx/3.4.4/../../../../pic32mx/lib\libc.a(_iobfuncs.o)
 .debug_frame   0x0000058c      0x178 C:/Microchip Starter Kits/PIC32 Starter Kits/MPLAB C32 Suite/bin/../lib/gcc/pic32mx/3.4.4/../../../../pic32mx/lib\libc.a(stubs.o)
 .debug_frame   0x00000704       0x20 C:/Microchip Starter Kits/PIC32 Starter Kits/MPLAB C32 Suite/bin/../lib/gcc/pic32mx/3.4.4/../../../../pic32mx/lib\libc.a(default-general-exception-handler.o)
 .debug_frame   0x00000724       0x20 C:/Microchip Starter Kits/PIC32 Starter Kits/MPLAB C32 Suite/bin/../lib/gcc/pic32mx/3.4.4/../../../../pic32mx/lib\libc.a(default-bootstrap-exception-handler.o)
 .debug_frame   0x00000744       0x20 C:/Microchip Starter Kits/PIC32 Starter Kits/MPLAB C32 Suite/bin/../lib/gcc/pic32mx/3.4.4/../../../../pic32mx/lib\libc.a(default-on-reset.o)
 .debug_frame   0x00000764       0x20 C:/Microchip Starter Kits/PIC32 Starter Kits/MPLAB C32 Suite/bin/../lib/gcc/pic32mx/3.4.4/../../../../pic32mx/lib\libc.a(default-on-bootstrap.o)
 .debug_frame   0x00000784       0x20 C:/Microchip Starter Kits/PIC32 Starter Kits/MPLAB C32 Suite/bin/../lib/gcc/pic32mx/3.4.4/../../../../pic32mx/lib\libc.a(_mon_getc.o)
 .debug_frame   0x000007a4       0x30 C:/Microchip Starter Kits/PIC32 Starter Kits/MPLAB C32 Suite/bin/../lib/gcc/pic32mx/3.4.4/../../../../pic32mx/lib\libc.a(_mon_write.o)
 .debug_frame   0x000007d4       0x20 C:/Microchip Starter Kits/PIC32 Starter Kits/MPLAB C32 Suite/bin/../lib/gcc/pic32mx/3.4.4/../../../../pic32mx/lib\libc.a(_exit.o)
 .debug_frame   0x000007f4       0x20 C:/Microchip Starter Kits/PIC32 Starter Kits/MPLAB C32 Suite/bin/../lib/gcc/pic32mx/3.4.4/../../../../pic32mx/lib\libc.a(_mon_putc.o)
 .debug_frame   0x00000814       0x20 C:/Microchip Starter Kits/PIC32 Starter Kits/MPLAB C32 Suite/bin/../lib/gcc/pic32mx/3.4.4/../../../../pic32mx/lib\libmchp_peripheral_32MX795F512L.a(int_enable_interrupts_lib.o)
 .debug_frame   0x00000834       0x28 C:/Microchip Starter Kits/PIC32 Starter Kits/MPLAB C32 Suite/bin/../lib/gcc/pic32mx/3.4.4/../../../../pic32mx/lib\libmchp_peripheral_32MX795F512L.a(int_enable_mv_int_lib.o)

.debug_str      0x00000000      0x9bf
 *(.debug_str)
 .debug_str     0x00000000       0x12 Objects\USB Device - WinUSB - Generic Driver - C32\main.o
 .debug_str     0x00000012       0x2a Objects\USB Device - WinUSB - Generic Driver - C32\usb_descriptors.o
 .debug_str     0x0000003c       0x1b Objects\USB Device - WinUSB - Generic Driver - C32\usb_device.o
 .debug_str     0x00000057       0x12 Objects\USB Device - WinUSB - Generic Driver - C32\usb_function_generic.o
 .debug_str     0x00000069       0xaa C:/Microchip Starter Kits/PIC32 Starter Kits/MPLAB C32 Suite/bin/../lib/gcc/pic32mx/3.4.4/../../../../pic32mx/lib\libc.a(exit.o)
                                 0xaf (size before relaxing)
 .debug_str     0x00000113       0xb1 C:/Microchip Starter Kits/PIC32 Starter Kits/MPLAB C32 Suite/bin/../lib/gcc/pic32mx/3.4.4/../../../../pic32mx/lib\libc.a(_iobfuncs.o)
                                 0xfb (size before relaxing)
 .debug_str     0x000001c4      0x2d3 C:/Microchip Starter Kits/PIC32 Starter Kits/MPLAB C32 Suite/bin/../lib/gcc/pic32mx/3.4.4/../../../../pic32mx/lib\libc.a(stubs.o)
                                0x31d (size before relaxing)
 .debug_str     0x00000497       0x9a C:/Microchip Starter Kits/PIC32 Starter Kits/MPLAB C32 Suite/bin/../lib/gcc/pic32mx/3.4.4/../../../../pic32mx/lib\libc.a(default-general-exception-handler.o)
                                 0xe4 (size before relaxing)
 .debug_str     0x00000531       0x9e C:/Microchip Starter Kits/PIC32 Starter Kits/MPLAB C32 Suite/bin/../lib/gcc/pic32mx/3.4.4/../../../../pic32mx/lib\libc.a(default-bootstrap-exception-handler.o)
                                 0xe8 (size before relaxing)
 .debug_str     0x000005cf       0x78 C:/Microchip Starter Kits/PIC32 Starter Kits/MPLAB C32 Suite/bin/../lib/gcc/pic32mx/3.4.4/../../../../pic32mx/lib\libc.a(default-on-reset.o)
                                 0xc2 (size before relaxing)
 .debug_str     0x00000647       0x80 C:/Microchip Starter Kits/PIC32 Starter Kits/MPLAB C32 Suite/bin/../lib/gcc/pic32mx/3.4.4/../../../../pic32mx/lib\libc.a(default-on-bootstrap.o)
                                 0xca (size before relaxing)
 .debug_str     0x000006c7       0x71 C:/Microchip Starter Kits/PIC32 Starter Kits/MPLAB C32 Suite/bin/../lib/gcc/pic32mx/3.4.4/../../../../pic32mx/lib\libc.a(_mon_getc.o)
                                 0xbb (size before relaxing)
 .debug_str     0x00000738       0x73 C:/Microchip Starter Kits/PIC32 Starter Kits/MPLAB C32 Suite/bin/../lib/gcc/pic32mx/3.4.4/../../../../pic32mx/lib\libc.a(_mon_write.o)
                                 0xbd (size before relaxing)
 .debug_str     0x000007ab       0x69 C:/Microchip Starter Kits/PIC32 Starter Kits/MPLAB C32 Suite/bin/../lib/gcc/pic32mx/3.4.4/../../../../pic32mx/lib\libc.a(_exit.o)
                                 0xb3 (size before relaxing)
 .debug_str     0x00000814       0x71 C:/Microchip Starter Kits/PIC32 Starter Kits/MPLAB C32 Suite/bin/../lib/gcc/pic32mx/3.4.4/../../../../pic32mx/lib\libc.a(_mon_putc.o)
                                 0xbb (size before relaxing)
 .debug_str     0x00000885       0x99 C:/Microchip Starter Kits/PIC32 Starter Kits/MPLAB C32 Suite/bin/../lib/gcc/pic32mx/3.4.4/../../../../pic32mx/lib\libmchp_peripheral_32MX795F512L.a(int_enable_interrupts_lib.o)
                                 0xe3 (size before relaxing)
 .debug_str     0x0000091e       0xa1 C:/Microchip Starter Kits/PIC32 Starter Kits/MPLAB C32 Suite/bin/../lib/gcc/pic32mx/3.4.4/../../../../pic32mx/lib\libmchp_peripheral_32MX795F512L.a(int_enable_mv_int_lib.o)
                                 0xeb (size before relaxing)

.debug_loc
 *(.debug_loc)

.debug_macinfo
 *(.debug_macinfo)

.debug_weaknames
 *(.debug_weaknames)

.debug_funcnames
 *(.debug_funcnames)

.debug_typenames
 *(.debug_typenames)

.debug_varnames
 *(.debug_varnames)

/DISCARD/
 *(.note.GNU-stack)
OUTPUT(USB Device - WinUSB - Generic Driver - C32 - PIC32 USB Starter Kit.elf elf32-tradlittlemips)

.mdebug.abi32   0x9d003a44        0x0

.rel.dyn        0x9d003a44        0x0
